[2025-07-03 14:20:01] local.ERROR: There are no commands defined in the "payments" namespace. {"exception":"[object] (Symfony\\Component\\Console\\Exception\\NamespaceNotFoundException(code: 0): There are no commands defined in the \"payments\" namespace. at /var/www/autorecurso-ia/vendor/symfony/console/Application.php:669)
[stacktrace]
#0 /var/www/autorecurso-ia/vendor/symfony/console/Application.php(720): Symfony\\Component\\Console\\Application->findNamespace()
#1 /var/www/autorecurso-ia/vendor/symfony/console/Application.php(266): Symfony\\Component\\Console\\Application->find()
#2 /var/www/autorecurso-ia/vendor/symfony/console/Application.php(175): Symfony\\Component\\Console\\Application->doRun()
#3 /var/www/autorecurso-ia/vendor/laravel/framework/src/Illuminate/Foundation/Console/Kernel.php(201): Symfony\\Component\\Console\\Application->run()
#4 /var/www/autorecurso-ia/artisan(35): Illuminate\\Foundation\\Console\\Kernel->handle()
#5 {main}
"} 
[2025-07-03 14:25:01] local.ERROR: There are no commands defined in the "payments" namespace. {"exception":"[object] (Symfony\\Component\\Console\\Exception\\NamespaceNotFoundException(code: 0): There are no commands defined in the \"payments\" namespace. at /var/www/autorecurso-ia/vendor/symfony/console/Application.php:669)
[stacktrace]
#0 /var/www/autorecurso-ia/vendor/symfony/console/Application.php(720): Symfony\\Component\\Console\\Application->findNamespace()
#1 /var/www/autorecurso-ia/vendor/symfony/console/Application.php(266): Symfony\\Component\\Console\\Application->find()
#2 /var/www/autorecurso-ia/vendor/symfony/console/Application.php(175): Symfony\\Component\\Console\\Application->doRun()
#3 /var/www/autorecurso-ia/vendor/laravel/framework/src/Illuminate/Foundation/Console/Kernel.php(201): Symfony\\Component\\Console\\Application->run()
#4 /var/www/autorecurso-ia/artisan(35): Illuminate\\Foundation\\Console\\Kernel->handle()
#5 {main}
"} 
[2025-07-03 14:26:58] local.INFO: Consultando placa na API Brasil {"placa":"IRT6D28","ip":"172.18.0.1"} 
[2025-07-03 14:26:58] local.ERROR: Credenciais da API Brasil não configuradas {"device_token_exists":false,"bearer_token_exists":false} 
[2025-07-03 14:30:01] local.ERROR: There are no commands defined in the "payments" namespace. {"exception":"[object] (Symfony\\Component\\Console\\Exception\\NamespaceNotFoundException(code: 0): There are no commands defined in the \"payments\" namespace. at /var/www/autorecurso-ia/vendor/symfony/console/Application.php:669)
[stacktrace]
#0 /var/www/autorecurso-ia/vendor/symfony/console/Application.php(720): Symfony\\Component\\Console\\Application->findNamespace()
#1 /var/www/autorecurso-ia/vendor/symfony/console/Application.php(266): Symfony\\Component\\Console\\Application->find()
#2 /var/www/autorecurso-ia/vendor/symfony/console/Application.php(175): Symfony\\Component\\Console\\Application->doRun()
#3 /var/www/autorecurso-ia/vendor/laravel/framework/src/Illuminate/Foundation/Console/Kernel.php(201): Symfony\\Component\\Console\\Application->run()
#4 /var/www/autorecurso-ia/artisan(35): Illuminate\\Foundation\\Console\\Kernel->handle()
#5 {main}
"} 
[2025-07-03 14:33:14] local.INFO: Consultando placa na API Brasil {"placa":"IRT6D28","ip":"172.18.0.1"} 
[2025-07-03 14:33:14] local.ERROR: Credenciais da API Brasil não configuradas {"device_token_exists":false,"bearer_token_exists":false} 
[2025-07-03 14:35:18] local.ERROR: There are no commands defined in the "payments" namespace. {"exception":"[object] (Symfony\\Component\\Console\\Exception\\NamespaceNotFoundException(code: 0): There are no commands defined in the \"payments\" namespace. at /var/www/autorecurso-ia/vendor/symfony/console/Application.php:669)
[stacktrace]
#0 /var/www/autorecurso-ia/vendor/symfony/console/Application.php(720): Symfony\\Component\\Console\\Application->findNamespace()
#1 /var/www/autorecurso-ia/vendor/symfony/console/Application.php(266): Symfony\\Component\\Console\\Application->find()
#2 /var/www/autorecurso-ia/vendor/symfony/console/Application.php(175): Symfony\\Component\\Console\\Application->doRun()
#3 /var/www/autorecurso-ia/vendor/laravel/framework/src/Illuminate/Foundation/Console/Kernel.php(201): Symfony\\Component\\Console\\Application->run()
#4 /var/www/autorecurso-ia/artisan(35): Illuminate\\Foundation\\Console\\Kernel->handle()
#5 {main}
"} 
[2025-07-03 14:38:22] local.INFO: Consultando placa na API Brasil {"placa":"IRT6D28","ip":"172.18.0.1"} 
[2025-07-03 14:38:22] local.ERROR: Credenciais da API Brasil não configuradas {"device_token_exists":false,"bearer_token_exists":false} 
[2025-07-03 14:40:02] local.ERROR: There are no commands defined in the "payments" namespace. {"exception":"[object] (Symfony\\Component\\Console\\Exception\\NamespaceNotFoundException(code: 0): There are no commands defined in the \"payments\" namespace. at /var/www/autorecurso-ia/vendor/symfony/console/Application.php:669)
[stacktrace]
#0 /var/www/autorecurso-ia/vendor/symfony/console/Application.php(720): Symfony\\Component\\Console\\Application->findNamespace()
#1 /var/www/autorecurso-ia/vendor/symfony/console/Application.php(266): Symfony\\Component\\Console\\Application->find()
#2 /var/www/autorecurso-ia/vendor/symfony/console/Application.php(175): Symfony\\Component\\Console\\Application->doRun()
#3 /var/www/autorecurso-ia/vendor/laravel/framework/src/Illuminate/Foundation/Console/Kernel.php(201): Symfony\\Component\\Console\\Application->run()
#4 /var/www/autorecurso-ia/artisan(35): Illuminate\\Foundation\\Console\\Kernel->handle()
#5 {main}
"} 
[2025-07-03 14:45:01] local.ERROR: There are no commands defined in the "payments" namespace. {"exception":"[object] (Symfony\\Component\\Console\\Exception\\NamespaceNotFoundException(code: 0): There are no commands defined in the \"payments\" namespace. at /var/www/autorecurso-ia/vendor/symfony/console/Application.php:669)
[stacktrace]
#0 /var/www/autorecurso-ia/vendor/symfony/console/Application.php(720): Symfony\\Component\\Console\\Application->findNamespace()
#1 /var/www/autorecurso-ia/vendor/symfony/console/Application.php(266): Symfony\\Component\\Console\\Application->find()
#2 /var/www/autorecurso-ia/vendor/symfony/console/Application.php(175): Symfony\\Component\\Console\\Application->doRun()
#3 /var/www/autorecurso-ia/vendor/laravel/framework/src/Illuminate/Foundation/Console/Kernel.php(201): Symfony\\Component\\Console\\Application->run()
#4 /var/www/autorecurso-ia/artisan(35): Illuminate\\Foundation\\Console\\Kernel->handle()
#5 {main}
[2025-07-03 14:50:01] local.ERROR: There are no commands defined in the "payments" namespace. {"exception":"[object] (Symfony\\Component\\Console\\Exception\\NamespaceNotFoundException(code: 0): There are no commands defined in the \"payments\" namespace. at /var/www/autorecurso-ia/vendor/symfony/console/Application.php:669)
[stacktrace]
#0 /var/www/autorecurso-ia/vendor/symfony/console/Application.php(720): Symfony\\Component\\Console\\Application->findNamespace()
#1 /var/www/autorecurso-ia/vendor/symfony/console/Application.php(266): Symfony\\Component\\Console\\Application->find()
#2 /var/www/autorecurso-ia/vendor/symfony/console/Application.php(175): Symfony\\Component\\Console\\Application->doRun()
#3 /var/www/autorecurso-ia/vendor/laravel/framework/src/Illuminate/Foundation/Console/Kernel.php(201): Symfony\\Component\\Console\\Application->run()
#4 /var/www/autorecurso-ia/artisan(35): Illuminate\\Foundation\\Console\\Kernel->handle()
#5 {main}
"} 
[2025-07-03 14:55:02] local.ERROR: There are no commands defined in the "payments" namespace. {"exception":"[object] (Symfony\\Component\\Console\\Exception\\NamespaceNotFoundException(code: 0): There are no commands defined in the \"payments\" namespace. at /var/www/autorecurso-ia/vendor/symfony/console/Application.php:669)
[stacktrace]
#0 /var/www/autorecurso-ia/vendor/symfony/console/Application.php(720): Symfony\\Component\\Console\\Application->findNamespace()
#1 /var/www/autorecurso-ia/vendor/symfony/console/Application.php(266): Symfony\\Component\\Console\\Application->find()
#2 /var/www/autorecurso-ia/vendor/symfony/console/Application.php(175): Symfony\\Component\\Console\\Application->doRun()
#3 /var/www/autorecurso-ia/vendor/laravel/framework/src/Illuminate/Foundation/Console/Kernel.php(201): Symfony\\Component\\Console\\Application->run()
#4 /var/www/autorecurso-ia/artisan(35): Illuminate\\Foundation\\Console\\Kernel->handle()
#5 {main}
"} 
[2025-07-03 15:00:01] local.ERROR: There are no commands defined in the "payments" namespace. {"exception":"[object] (Symfony\\Component\\Console\\Exception\\NamespaceNotFoundException(code: 0): There are no commands defined in the \"payments\" namespace. at /var/www/autorecurso-ia/vendor/symfony/console/Application.php:669)
[stacktrace]
#0 /var/www/autorecurso-ia/vendor/symfony/console/Application.php(720): Symfony\\Component\\Console\\Application->findNamespace()
#1 /var/www/autorecurso-ia/vendor/symfony/console/Application.php(266): Symfony\\Component\\Console\\Application->find()
#2 /var/www/autorecurso-ia/vendor/symfony/console/Application.php(175): Symfony\\Component\\Console\\Application->doRun()
#3 /var/www/autorecurso-ia/vendor/laravel/framework/src/Illuminate/Foundation/Console/Kernel.php(201): Symfony\\Component\\Console\\Application->run()
#4 /var/www/autorecurso-ia/artisan(35): Illuminate\\Foundation\\Console\\Kernel->handle()
#5 {main}
"} 
[2025-07-03 15:05:01] local.ERROR: There are no commands defined in the "payments" namespace. {"exception":"[object] (Symfony\\Component\\Console\\Exception\\NamespaceNotFoundException(code: 0): There are no commands defined in the \"payments\" namespace. at /var/www/autorecurso-ia/vendor/symfony/console/Application.php:669)
[stacktrace]
#0 /var/www/autorecurso-ia/vendor/symfony/console/Application.php(720): Symfony\\Component\\Console\\Application->findNamespace()
#1 /var/www/autorecurso-ia/vendor/symfony/console/Application.php(266): Symfony\\Component\\Console\\Application->find()
#2 /var/www/autorecurso-ia/vendor/symfony/console/Application.php(175): Symfony\\Component\\Console\\Application->doRun()
#3 /var/www/autorecurso-ia/vendor/laravel/framework/src/Illuminate/Foundation/Console/Kernel.php(201): Symfony\\Component\\Console\\Application->run()
#4 /var/www/autorecurso-ia/artisan(35): Illuminate\\Foundation\\Console\\Kernel->handle()
#5 {main}
"} 
[2025-07-03 15:10:02] local.ERROR: There are no commands defined in the "payments" namespace. {"exception":"[object] (Symfony\\Component\\Console\\Exception\\NamespaceNotFoundException(code: 0): There are no commands defined in the \"payments\" namespace. at /var/www/autorecurso-ia/vendor/symfony/console/Application.php:669)
[stacktrace]
#0 /var/www/autorecurso-ia/vendor/symfony/console/Application.php(720): Symfony\\Component\\Console\\Application->findNamespace()
#1 /var/www/autorecurso-ia/vendor/symfony/console/Application.php(266): Symfony\\Component\\Console\\Application->find()
#2 /var/www/autorecurso-ia/vendor/symfony/console/Application.php(175): Symfony\\Component\\Console\\Application->doRun()
#3 /var/www/autorecurso-ia/vendor/laravel/framework/src/Illuminate/Foundation/Console/Kernel.php(201): Symfony\\Component\\Console\\Application->run()
#4 /var/www/autorecurso-ia/artisan(35): Illuminate\\Foundation\\Console\\Kernel->handle()
#5 {main}
"} 
[2025-07-03 15:13:09] local.INFO: Consultando placa na API Brasil (novo endpoint) {"placa":"IRT6D28","ip":"172.18.0.1"} 
[2025-07-03 15:13:10] local.INFO: Resposta da API Brasil (novo formato) {"status":200,"placa":"IRT6D28","response_size":2763} 
[2025-07-03 15:13:10] local.INFO: Dados do veículo encontrados (novo formato) {"placa":"IRT6D28","dados":{"modelo":"Citroen/picasso Ii16glxf","marca":"Citroen","ano":2010,"cor":"Prata","municipio":"Porto Alegre","uf":"RS","combustivel":"Alcool / Gasolina","chassi":"*****VBB565699","placa_formatada":"IRT6328"},"api_message":"Placa válida! Você foi tarifado em R$ 0.08!"} 
[2025-07-03 15:15:01] local.ERROR: There are no commands defined in the "payments" namespace. {"exception":"[object] (Symfony\\Component\\Console\\Exception\\NamespaceNotFoundException(code: 0): There are no commands defined in the \"payments\" namespace. at /var/www/autorecurso-ia/vendor/symfony/console/Application.php:669)
[stacktrace]
#0 /var/www/autorecurso-ia/vendor/symfony/console/Application.php(720): Symfony\\Component\\Console\\Application->findNamespace()
#1 /var/www/autorecurso-ia/vendor/symfony/console/Application.php(266): Symfony\\Component\\Console\\Application->find()
#2 /var/www/autorecurso-ia/vendor/symfony/console/Application.php(175): Symfony\\Component\\Console\\Application->doRun()
#3 /var/www/autorecurso-ia/vendor/laravel/framework/src/Illuminate/Foundation/Console/Kernel.php(201): Symfony\\Component\\Console\\Application->run()
#4 /var/www/autorecurso-ia/artisan(35): Illuminate\\Foundation\\Console\\Kernel->handle()
#5 {main}
"} 
[2025-07-03 15:20:01] local.ERROR: There are no commands defined in the "payments" namespace. {"exception":"[object] (Symfony\\Component\\Console\\Exception\\NamespaceNotFoundException(code: 0): There are no commands defined in the \"payments\" namespace. at /var/www/autorecurso-ia/vendor/symfony/console/Application.php:669)
[stacktrace]
#0 /var/www/autorecurso-ia/vendor/symfony/console/Application.php(720): Symfony\\Component\\Console\\Application->findNamespace()
#1 /var/www/autorecurso-ia/vendor/symfony/console/Application.php(266): Symfony\\Component\\Console\\Application->find()
#2 /var/www/autorecurso-ia/vendor/symfony/console/Application.php(175): Symfony\\Component\\Console\\Application->doRun()
#3 /var/www/autorecurso-ia/vendor/laravel/framework/src/Illuminate/Foundation/Console/Kernel.php(201): Symfony\\Component\\Console\\Application->run()
#4 /var/www/autorecurso-ia/artisan(35): Illuminate\\Foundation\\Console\\Kernel->handle()
#5 {main}
"} 
[2025-07-03 15:20:03] local.ERROR: Erro ao redirecionar para Google: Missing required configuration keys [client_id, client_secret, redirect] for [Laravel\Socialite\Two\GoogleProvider] OAuth provider.  
